Started by user upskill-admin
Connecting to https://api.github.com using Hemanthk101/****** (GitHub repository access)
Obtained Jenkinsfile from b0efee07999f102a1a53a3529e4c5330fcbc0f52+b2c33fb2f0c586729a5d1673dfe8d8f77abb4fff (3ee0584e8f030285295d9f25435d54d9dc4b339e)
[Pipeline] Start of Pipeline
[Pipeline] node
Running on Jenkins in /var/jenkins_home/workspace/UpSkill-Sprint1_PR-4
[Pipeline] {
[Pipeline] stage
[Pipeline] { (Declarative: Checkout SCM)
[Pipeline] checkout
The recommended git tool is: NONE
using credential github-sprint1
 > git rev-parse --resolve-git-dir /var/jenkins_home/workspace/UpSkill-Sprint1_PR-4/.git # timeout=10
Fetching changes from the remote Git repository
 > git config remote.origin.url https://github.com/ArchiveSWEMiniProject/upskill-ai.git # timeout=10
Fetching without tags
Fetching upstream changes from https://github.com/ArchiveSWEMiniProject/upskill-ai.git
 > git --version # timeout=10
 > git --version # 'git version 2.47.3'
using GIT_ASKPASS to set credentials GitHub repository access
 > git fetch --no-tags --force --progress -- https://github.com/ArchiveSWEMiniProject/upskill-ai.git +refs/pull/4/head:refs/remotes/origin/PR-4 +refs/heads/main:refs/remotes/origin/main # timeout=10
Merging remotes/origin/main commit b2c33fb2f0c586729a5d1673dfe8d8f77abb4fff into PR head commit b0efee07999f102a1a53a3529e4c5330fcbc0f52
 > git config core.sparsecheckout # timeout=10
 > git checkout -f b0efee07999f102a1a53a3529e4c5330fcbc0f52 # timeout=10
 > git remote # timeout=10
 > git config --get remote.origin.url # timeout=10
using GIT_ASKPASS to set credentials GitHub repository access
 > git merge b2c33fb2f0c586729a5d1673dfe8d8f77abb4fff # timeout=10
 > git rev-parse HEAD^{commit} # timeout=10
Merge succeeded, producing 25dc8f8db0f51568e803c900beacdc696540fd2a
Checking out Revision 25dc8f8db0f51568e803c900beacdc696540fd2a (PR-4)
 > git config core.sparsecheckout # timeout=10
 > git checkout -f 25dc8f8db0f51568e803c900beacdc696540fd2a # timeout=10
Commit message: "Merge commit 'b2c33fb2f0c586729a5d1673dfe8d8f77abb4fff' into HEAD"
 > git rev-list --no-walk 5fa106d957a56bfab45200af9d2ccae6980beee5 # timeout=10
[Pipeline] }
[Pipeline] // stage
[Pipeline] withEnv
[Pipeline] {
[Pipeline] timestamps
[Pipeline] {
[Pipeline] timeout
[2026-10-04T11:39:38.991Z] Timeout set to expire in 20 min
[Pipeline] {
[Pipeline] stage
[Pipeline] { (Checkout)
[Pipeline] checkout
[2026-10-04T11:39:39.236Z] The recommended git tool is: NONE
[2026-10-04T11:39:39.237Z] using credential github-sprint1
[2026-10-04T11:39:39.263Z]  > git rev-parse --resolve-git-dir /var/jenkins_home/workspace/UpSkill-Sprint1_PR-4/.git # timeout=10
[2026-10-04T11:39:39.274Z] Fetching changes from the remote Git repository
[2026-10-04T11:39:39.277Z]  > git config remote.origin.url https://github.com/ArchiveSWEMiniProject/upskill-ai.git # timeout=10
[2026-10-04T11:39:39.287Z] Fetching without tags
[2026-10-04T11:39:39.287Z] Fetching upstream changes from https://github.com/ArchiveSWEMiniProject/upskill-ai.git
[2026-10-04T11:39:39.288Z]  > git --version # timeout=10
[2026-10-04T11:39:39.298Z]  > git --version # 'git version 2.47.3'
[2026-10-04T11:39:39.298Z] using GIT_ASKPASS to set credentials GitHub repository access
[2026-10-04T11:39:39.309Z]  > git fetch --no-tags --force --progress -- https://github.com/ArchiveSWEMiniProject/upskill-ai.git +refs/pull/4/head:refs/remotes/origin/PR-4 +refs/heads/main:refs/remotes/origin/main # timeout=10
[2026-10-04T11:39:40.277Z] Merging remotes/origin/main commit b2c33fb2f0c586729a5d1673dfe8d8f77abb4fff into PR head commit b0efee07999f102a1a53a3529e4c5330fcbc0f52
[2026-10-04T11:39:40.282Z]  > git config core.sparsecheckout # timeout=10
[2026-10-04T11:39:40.309Z]  > git checkout -f b0efee07999f102a1a53a3529e4c5330fcbc0f52 # timeout=10
[2026-10-04T11:39:40.355Z]  > git remote # timeout=10
[2026-10-04T11:39:40.372Z]  > git config --get remote.origin.url # timeout=10
[2026-10-04T11:39:40.390Z] using GIT_ASKPASS to set credentials GitHub repository access
[2026-10-04T11:39:40.423Z]  > git merge b2c33fb2f0c586729a5d1673dfe8d8f77abb4fff # timeout=10
[2026-10-04T11:39:40.520Z]  > git rev-parse HEAD^{commit} # timeout=10
[2026-10-04T11:39:40.531Z] Merge succeeded, producing 2ba174cc6a004bd637368a048bba27382895d9ba
[2026-10-04T11:39:40.533Z] Checking out Revision 2ba174cc6a004bd637368a048bba27382895d9ba (PR-4)
[2026-10-04T11:39:40.533Z]  > git config core.sparsecheckout # timeout=10
[2026-10-04T11:39:40.545Z]  > git checkout -f 2ba174cc6a004bd637368a048bba27382895d9ba # timeout=10
[2026-10-04T11:39:40.561Z] Commit message: "Merge commit 'b2c33fb2f0c586729a5d1673dfe8d8f77abb4fff' into HEAD"
[2026-10-04T11:39:40.562Z]  > git rev-list --no-walk 5fa106d957a56bfab45200af9d2ccae6980beee5 # timeout=10
[Pipeline] }
[Pipeline] // stage
[Pipeline] stage
[Pipeline] { (Backend checks)
[Pipeline] script
[Pipeline] {
[Pipeline] sh
[2026-10-04T11:39:42.458Z] + python3 -m venv .venv
[Pipeline] sh
[2026-10-04T11:39:50.254Z] + .venv/bin/python -m pip install -r requirements-dev.txt
[2026-10-04T11:39:53.487Z] Requirement already satisfied: pytest<9,>=8.3 in ./.venv/lib/python3.13/site-packages (from -r requirements-dev.txt (line 1)) (8.4.2)
[2026-10-04T11:39:53.487Z] Requirement already satisfied: pytest-cov<7,>=5 in ./.venv/lib/python3.13/site-packages (from -r requirements-dev.txt (line 2)) (6.3.0)
[2026-10-04T11:39:53.487Z] Requirement already satisfied: ruff<1,>=0.6 in ./.venv/lib/python3.13/site-packages (from -r requirements-dev.txt (line 3)) (0.16.10)
[2026-10-04T11:39:53.487Z] Requirement already satisfied: iniconfig>=1 in ./.venv/lib/python3.13/site-packages (from pytest<9,>=8.3->-r requirements-dev.txt (line 1)) (2.3.0)
[2026-10-04T11:39:53.487Z] Requirement already satisfied: packaging>=20 in ./.venv/lib/python3.13/site-packages (from pytest<9,>=8.3->-r requirements-dev.txt (line 1)) (26.3)
[2026-10-04T11:39:53.487Z] Requirement already satisfied: pluggy<2,>=1.5 in ./.venv/lib/python3.13/site-packages (from pytest<9,>=8.3->-r requirements-dev.txt (line 1)) (1.6.0)
[2026-10-04T11:39:53.487Z] Requirement already satisfied: pygments>=2.7.2 in ./.venv/lib/python3.13/site-packages (from pytest<9,>=8.3->-r requirements-dev.txt (line 1)) (2.21.0)
[2026-10-04T11:39:53.487Z] Requirement already satisfied: coverage>=7.5 in ./.venv/lib/python3.13/site-packages (from coverage[toml]>=7.5->pytest-cov<7,>=5->-r requirements-dev.txt (line 2)) (7.16.2)
[Pipeline] fileExists
[Pipeline] sh
[2026-10-04T11:39:53.898Z] + .venv/bin/python -m pip install -r requirements.txt
[2026-10-04T11:39:54.450Z] Requirement already satisfied: fastapi<1.0.0,>=0.110.0 in ./.venv/lib/python3.13/site-packages (from -r requirements.txt (line 1)) (0.142.2)
[2026-10-04T11:39:54.450Z] Requirement already satisfied: uvicorn<1.0.0,>=0.28.0 in ./.venv/lib/python3.13/site-packages (from uvicorn[standard]<1.0.0,>=0.28.0->-r requirements.txt (line 2)) (0.54.0)
[2026-10-04T11:39:54.450Z] Requirement already satisfied: pydantic<3.0.0,>=2.6.0 in ./.venv/lib/python3.13/site-packages (from -r requirements.txt (line 3)) (2.13.5)
[2026-10-04T11:39:54.450Z] Requirement already satisfied: starlette>=0.46.0 in ./.venv/lib/python3.13/site-packages (from fastapi<1.0.0,>=0.110.0->-r requirements.txt (line 1)) (1.7.0)
[2026-10-04T11:39:54.450Z] Requirement already satisfied: typing-extensions>=4.8.0 in ./.venv/lib/python3.13/site-packages (from fastapi<1.0.0,>=0.110.0->-r requirements.txt (line 1)) (4.16.0)
[2026-10-04T11:39:54.450Z] Requirement already satisfied: typing-inspection>=0.4.2 in ./.venv/lib/python3.13/site-packages (from fastapi<1.0.0,>=0.110.0->-r requirements.txt (line 1)) (0.4.4)
[2026-10-04T11:39:54.450Z] Requirement already satisfied: annotated-doc>=0.0.2 in ./.venv/lib/python3.13/site-packages (from fastapi<1.0.0,>=0.110.0->-r requirements.txt (line 1)) (0.0.5)
[2026-10-04T11:39:54.450Z] Requirement already satisfied: opentelemetry-api>=1.44.0 in ./.venv/lib/python3.13/site-packages (from fastapi<1.0.0,>=0.110.0->-r requirements.txt (line 1)) (1.45.0)
[2026-10-04T11:39:54.450Z] Requirement already satisfied: click>=7.0 in ./.venv/lib/python3.13/site-packages (from uvicorn<1.0.0,>=0.28.0->uvicorn[standard]<1.0.0,>=0.28.0->-r requirements.txt (line 2)) (8.5.0)
[2026-10-04T11:39:54.450Z] Requirement already satisfied: h11>=0.8 in ./.venv/lib/python3.13/site-packages (from uvicorn<1.0.0,>=0.28.0->uvicorn[standard]<1.0.0,>=0.28.0->-r requirements.txt (line 2)) (0.16.0)
[2026-10-04T11:39:54.702Z] Requirement already satisfied: annotated-types>=0.6.0 in ./.venv/lib/python3.13/site-packages (from pydantic<3.0.0,>=2.6.0->-r requirements.txt (line 3)) (0.8.0)
[2026-10-04T11:39:54.702Z] Requirement already satisfied: pydantic-core==2.46.5 in ./.venv/lib/python3.13/site-packages (from pydantic<3.0.0,>=2.6.0->-r requirements.txt (line 3)) (2.46.5)
[2026-10-04T11:39:54.702Z] Requirement already satisfied: httptools>=0.8.0 in ./.venv/lib/python3.13/site-packages (from uvicorn[standard]<1.0.0,>=0.28.0->-r requirements.txt (line 2)) (0.8.0)
[2026-10-04T11:39:54.702Z] Requirement already satisfied: python-dotenv>=0.13 in ./.venv/lib/python3.13/site-packages (from uvicorn[standard]<1.0.0,>=0.28.0->-r requirements.txt (line 2)) (1.2.4)
[2026-10-04T11:39:54.702Z] Requirement already satisfied: pyyaml>=5.1 in ./.venv/lib/python3.13/site-packages (from uvicorn[standard]<1.0.0,>=0.28.0->-r requirements.txt (line 2)) (6.0.3)
[2026-10-04T11:39:54.702Z] Requirement already satisfied: uvloop>=0.15.1 in ./.venv/lib/python3.13/site-packages (from uvicorn[standard]<1.0.0,>=0.28.0->-r requirements.txt (line 2)) (0.23.0)
[2026-10-04T11:39:54.702Z] Requirement already satisfied: watchfiles>=0.20 in ./.venv/lib/python3.13/site-packages (from uvicorn[standard]<1.0.0,>=0.28.0->-r requirements.txt (line 2)) (1.3.0)
[2026-10-04T11:39:54.703Z] Requirement already satisfied: websockets>=13.0 in ./.venv/lib/python3.13/site-packages (from uvicorn[standard]<1.0.0,>=0.28.0->-r requirements.txt (line 2)) (17.2)
[2026-10-04T11:39:54.703Z] Requirement already satisfied: anyio<5,>=4.0.0 in ./.venv/lib/python3.13/site-packages (from starlette>=0.46.0->fastapi<1.0.0,>=0.110.0->-r requirements.txt (line 1)) (4.15.1)
[2026-10-04T11:39:54.703Z] Requirement already satisfied: idna>=2.8 in ./.venv/lib/python3.13/site-packages (from anyio<5,>=4.0.0->starlette>=0.46.0->fastapi<1.0.0,>=0.110.0->-r requirements.txt (line 1)) (3.20)
[Pipeline] fileExists
[Pipeline] sh
[2026-10-04T11:39:55.114Z] + .venv/bin/python -m ruff check backend
[2026-10-04T11:39:55.366Z] All checks passed!
[Pipeline] sh
[2026-10-04T11:39:55.679Z] + .venv/bin/python -m pytest --junitxml=pytest-report.xml --cov=backend --cov-report=xml:coverage.xml --cov-report=html:htmlcov --cov-report=term-missing
[2026-10-04T11:39:57.024Z] ============================= test session starts ==============================
[2026-10-04T11:39:57.024Z] platform linux -- Python 3.13.5, pytest-8.4.2, pluggy-1.6.0
[2026-10-04T11:39:57.024Z] rootdir: /var/jenkins_home/workspace/UpSkill-Sprint1_PR-4
[2026-10-04T11:39:57.024Z] configfile: pyproject.toml
[2026-10-04T11:39:57.024Z] testpaths: backend
[2026-10-04T11:39:57.024Z] plugins: cov-6.3.0, anyio-4.15.1
[2026-10-04T11:39:57.024Z] collected 14 items
[2026-10-04T11:39:57.024Z]
[2026-10-04T11:39:57.024Z] backend/taxonomy/test_resolver.py ..............                         [100%]
[2026-10-04T11:39:57.024Z]
[2026-10-04T11:39:57.024Z] - generated xml file: /var/jenkins_home/workspace/UpSkill-Sprint1_PR-4/pytest-report.xml -
[2026-10-04T11:39:57.024Z] ================================ tests coverage ================================
[2026-10-04T11:39:57.024Z] _______________ coverage: platform linux, python 3.13.5-final-0 ________________
[2026-10-04T11:39:57.024Z]
[2026-10-04T11:39:57.024Z] Name                                Stmts   Miss  Cover   Missing
[2026-10-04T11:39:57.024Z] -----------------------------------------------------------------
[2026-10-04T11:39:57.024Z] backend/__init__.py                     0      0   100%
[2026-10-04T11:39:57.024Z] backend/main.py                         8      8     0%   3-19
[2026-10-04T11:39:57.024Z] backend/taxonomy/__init__.py            0      0   100%
[2026-10-04T11:39:57.024Z] backend/taxonomy/resolver.py           27      0   100%
[2026-10-04T11:39:57.024Z] backend/taxonomy/test_resolver.py      35      0   100%
[2026-10-04T11:39:57.024Z] -----------------------------------------------------------------
[2026-10-04T11:39:57.024Z] TOTAL                                  70      8    89%
[2026-10-04T11:39:57.024Z] Coverage HTML written to dir htmlcov
[2026-10-04T11:39:57.024Z] Coverage XML written to file coverage.xml
[2026-10-04T11:39:57.024Z] ============================== 14 passed in 0.17s ==============================
[Pipeline] }
[Pipeline] // script
Post stage
[Pipeline] junit
[2026-10-04T11:39:57.410Z] Recording test results
[2026-10-04T11:39:57.490Z] [Checks API] No suitable checks publisher found.
[Pipeline] }
[Pipeline] // stage
[Pipeline] stage
[Pipeline] { (SonarQube analysis)
[Pipeline] withSonarQubeEnv
[2026-10-04T11:39:57.787Z] Injecting SonarQube environment variables using the configuration: SonarQube
[Pipeline] {
[Pipeline] sh
[2026-10-04T11:39:58.197Z] + sonar-scanner
[2026-10-04T11:39:59.543Z] 11:39:59.457 INFO  Scanner configuration file: /var/jenkins_home/tools/sonar-scanner-8.1.0.6389/conf/sonar-scanner.properties
[2026-10-04T11:39:59.543Z] 11:39:59.463 INFO  Project root configuration file: /var/jenkins_home/workspace/UpSkill-Sprint1_PR-4/sonar-project.properties
[2026-10-04T11:39:59.543Z] 11:39:59.496 INFO  SonarScanner CLI 8.1.0.6389
[2026-10-04T11:39:59.543Z] 11:39:59.505 INFO  Linux 6.18.35.2-microsoft-standard-WSL2 amd64
[2026-10-04T11:40:09.424Z] 11:40:07.621 INFO  Communicating with SonarQube Community Build 26.9.0.129388
[2026-10-04T11:40:09.425Z] 11:40:07.622 INFO  JRE provisioning: os[linux], arch[x86_64]
[2026-10-04T11:40:27.415Z] 11:40:24.983 INFO  Starting SonarScanner Engine...
[2026-10-04T11:40:27.419Z] 11:40:24.992 INFO  Java 21.0.11 Eclipse Adoptium (64-bit)
[2026-10-04T11:40:31.612Z] 11:40:31.037 INFO  Load global settings
[2026-10-04T11:40:32.166Z] 11:40:32.146 INFO  Load global settings (done) | time=1134ms
[2026-10-04T11:40:32.166Z] 11:40:32.153 INFO  Server id: 147B411E-AaEGqlk48DYktN-5kanb
[2026-10-04T11:40:32.417Z] 11:40:32.178 INFO  Loading required plugins
[2026-10-04T11:40:32.417Z] 11:40:32.178 INFO  Load plugins index
[2026-10-04T11:40:33.330Z] 11:40:33.079 INFO  Load plugins index (done) | time=901ms
[2026-10-04T11:40:33.330Z] 11:40:33.084 INFO  Load/download plugins
[2026-10-04T11:40:34.245Z] 11:40:34.015 INFO  Load/download plugins (done) | time=936ms
[2026-10-04T11:40:36.753Z] 11:40:36.143 INFO  Process project properties
[2026-10-04T11:40:36.753Z] 11:40:36.231 INFO  Process project properties (done) | time=141ms
[2026-10-04T11:40:36.753Z] 11:40:36.289 INFO  Project key: upskill-ai
[2026-10-04T11:40:36.755Z] 11:40:36.290 INFO  Base dir: /var/jenkins_home/workspace/UpSkill-Sprint1_PR-4
[2026-10-04T11:40:36.756Z] 11:40:36.291 INFO  Working dir: /var/jenkins_home/workspace/UpSkill-Sprint1_PR-4/.scannerwork
[2026-10-04T11:40:36.756Z] 11:40:36.337 INFO  Load project settings for component key: 'upskill-ai'
[2026-10-04T11:40:37.411Z] 11:40:37.170 INFO  Load project settings for component key: 'upskill-ai' (done) | time=834ms
[2026-10-04T11:40:37.666Z] 11:40:37.427 INFO  Load quality profiles
[2026-10-04T11:40:41.826Z] 11:40:41.320 INFO  Load quality profiles (done) | time=3888ms
[2026-10-04T11:40:42.093Z] 11:40:41.814 INFO  Load active rules
[2026-10-04T11:40:52.379Z] 11:40:52.297 INFO  Load active rules (done) | time=10475ms
[2026-10-04T11:40:52.390Z] 11:40:52.342 INFO  Load analysis cache
[2026-10-04T11:40:52.649Z] 11:40:52.504 INFO  Load analysis cache (404) | time=162ms
[2026-10-04T11:40:54.020Z] 11:40:53.822 INFO  Preprocessing files...
[2026-10-04T11:40:54.964Z] 11:40:54.790 INFO  2 languages detected in 17 preprocessed files (done) | time=969ms
[2026-10-04T11:40:54.966Z] 11:40:54.792 INFO  1 file ignored because of inclusion/exclusion patterns
[2026-10-04T11:40:54.967Z] 11:40:54.812 INFO  2 directories skipped because of exclusion patterns (content not counted)
[2026-10-04T11:40:54.967Z] 11:40:54.814 INFO  0 files ignored because of scm ignore settings
[2026-10-04T11:40:54.967Z] 11:40:54.816 INFO  Loading plugins for detected languages
[2026-10-04T11:40:54.967Z] 11:40:54.819 INFO  Load/download plugins
[2026-10-04T11:41:00.377Z] 11:40:59.230 INFO  Load/download plugins (done) | time=4377ms
[2026-10-04T11:41:01.949Z] 11:41:01.737 INFO  Load project repositories
[2026-10-04T11:41:05.405Z] 11:41:04.653 INFO  Load project repositories (done) | time=2817ms
[2026-10-04T11:41:05.444Z] 11:41:05.028 INFO  Indexing files...
[2026-10-04T11:41:05.444Z] 11:41:05.037 INFO  Project configuration:
[2026-10-04T11:41:05.487Z] 11:41:05.044 INFO    Excluded sources: **/__pycache__/**, **/.venv/**, **/node_modules/**, **/.next/**, **/coverage/**, **/test_*.py
[2026-10-04T11:41:05.487Z] 11:41:05.055 INFO    Included tests: **/test_*.py
[2026-10-04T11:41:06.153Z] 11:41:05.993 INFO  17 files indexed (done) | time=961ms
[2026-10-04T11:41:06.414Z] 11:41:06.154 INFO  Quality profile for docker: Sonar way
[2026-10-04T11:41:06.414Z] 11:41:06.155 INFO  Quality profile for py: Sonar way
[2026-10-04T11:41:06.414Z] 11:41:06.178 INFO  ------------- Run sensors on module UpSkill-AI
[2026-10-04T11:41:12.246Z] 11:41:06.830 INFO  Load metrics repository
[2026-10-04T11:41:12.260Z] 11:41:07.295 INFO  Load metrics repository (done) | time=455ms
[2026-10-04T11:41:20.416Z] 11:41:19.247 INFO  Sensor IaC YAML File Type Classification Sensor [iac]
[2026-10-04T11:41:20.421Z] 11:41:19.263 INFO  Sensor IaC YAML File Type Classification Sensor [iac] (done) | time=35ms
[2026-10-04T11:41:20.422Z] 11:41:19.271 INFO  Sensor IaC hadolint report Sensor [iac]
[2026-10-04T11:41:20.422Z] 11:41:19.273 INFO  Sensor IaC hadolint report Sensor [iac] (done) | time=4ms
[2026-10-04T11:41:20.422Z] 11:41:19.275 INFO  Sensor Java Config Sensor [iac]
[2026-10-04T11:41:20.422Z] 11:41:19.334 INFO  There are no files to be analyzed for the Java language
[2026-10-04T11:41:20.422Z] 11:41:19.341 INFO  Sensor Java Config Sensor [iac] (done) | time=75ms
[2026-10-04T11:41:20.422Z] 11:41:19.342 INFO  Sensor IaC Docker Sensor [iac]
[2026-10-04T11:41:20.422Z] 11:41:20.223 INFO  1 source file to be analyzed
[2026-10-04T11:41:22.966Z] 11:41:22.778 INFO  1/1 source file has been analyzed
[2026-10-04T11:41:22.966Z] 11:41:22.791 INFO  Sensor IaC Docker Sensor [iac] (done) | time=3356ms
[2026-10-04T11:41:22.967Z] 11:41:22.826 INFO  Sensor Python Sensor [python]
[2026-10-04T11:41:22.967Z] 11:41:22.869 WARN  Your code is analyzed as compatible with all Python 3 versions by default. You can get a more precise analysis by setting the Python version or version range in your configuration via the parameter "sonar.python.version"
[2026-10-04T11:41:33.166Z] 11:41:32.250 INFO  Starting global symbols computation
[2026-10-04T11:41:33.168Z] 11:41:32.261 INFO  4 source files to be analyzed
[2026-10-04T11:41:34.527Z] 11:41:34.486 INFO  4/4 source files have been analyzed
[2026-10-04T11:41:34.527Z] 11:41:34.490 INFO  Finished step global symbols computation in 2177ms
[2026-10-04T11:41:35.483Z] 11:41:35.129 INFO  Starting rules execution
[2026-10-04T11:41:35.484Z] 11:41:35.134 INFO  4 source files to be analyzed
[2026-10-04T11:41:39.785Z] 11:41:39.094 INFO  4/4 source files have been analyzed
[2026-10-04T11:41:39.785Z] 11:41:39.102 INFO  Finished step rules execution in 3964ms
[2026-10-04T11:41:39.785Z] 11:41:39.104 INFO  The Python analyzer was able to leverage cached data from previous analyses for 0 out of 4 files. These files were not parsed.
[2026-10-04T11:41:39.785Z] 11:41:39.148 INFO  Sensor Python Sensor [python] (done) | time=16451ms
[2026-10-04T11:41:39.785Z] 11:41:39.150 INFO  Sensor Cobertura Sensor for Python coverage [python]
[2026-10-04T11:41:41.213Z] 11:41:40.790 INFO  Python test coverage
[2026-10-04T11:41:41.213Z] 11:41:40.834 INFO  Parsing report '/var/jenkins_home/workspace/UpSkill-Sprint1_PR-4/coverage.xml'
[2026-10-04T11:41:41.465Z] 11:41:41.308 INFO  Sensor Cobertura Sensor for Python coverage [python] (done) | time=2159ms
[2026-10-04T11:41:41.466Z] 11:41:41.309 INFO  Sensor PythonXUnitSensor [python]
[2026-10-04T11:41:42.817Z] 11:41:42.584 INFO  Sensor PythonXUnitSensor [python] (done) | time=1240ms
[2026-10-04T11:41:42.818Z] 11:41:42.590 INFO  Sensor Python Dependency Sensor [python]
[2026-10-04T11:41:42.818Z] 11:41:42.679 INFO  Sensor Python Dependency Sensor [python] (done) | time=125ms
[2026-10-04T11:41:42.818Z] 11:41:42.680 INFO  Sensor TextAndSecretsSensor [text]
[2026-10-04T11:41:43.768Z] 11:41:43.569 INFO  Available processors: 12
[2026-10-04T11:41:43.771Z] 11:41:43.580 INFO  Using 12 threads for analysis.
[2026-10-04T11:41:52.651Z] 11:41:51.250 INFO  The property "sonar.tests" is not set. To improve the analysis accuracy, we categorize a file as a test file if any of the following is true:
[2026-10-04T11:41:52.651Z]   * The filename starts with "test"
[2026-10-04T11:41:52.651Z]   * The filename contains "test." or "tests."
[2026-10-04T11:41:52.651Z]   * Any directory in the file path is named: "doc", "docs", "test", "tests", "mock" or "mocks"
[2026-10-04T11:41:52.651Z]   * Any directory in the file path has a name ending in "test" or "tests"
[2026-10-04T11:41:52.652Z]
[2026-10-04T11:41:52.652Z] 11:41:51.711 INFO  Start fetching files for the text and secrets analysis
[2026-10-04T11:41:52.653Z] 11:41:52.117 INFO  Using Git CLI to retrieve dirty files
[2026-10-04T11:41:52.655Z] 11:41:52.341 INFO  Retrieving language associated files and files included via "sonar.text.inclusions" that are tracked by git
[2026-10-04T11:41:52.655Z] 11:41:52.351 INFO  Starting the text and secrets analysis
[2026-10-04T11:41:52.659Z] 11:41:52.372 INFO  17 source files to be analyzed for the text and secrets analysis
[2026-10-04T11:41:52.660Z] 11:41:52.501 INFO  17/17 source files have been analyzed for the text and secrets analysis
[2026-10-04T11:41:52.660Z] 11:41:52.561 INFO  Sensor TextAndSecretsSensor [text] (done) | time=9872ms
[2026-10-04T11:41:52.660Z] 11:41:52.613 INFO  ------------- Run sensors on project
[2026-10-04T11:41:57.695Z] 11:41:56.698 INFO  Sensor IaC Project Sensor [iac]
[2026-10-04T11:41:57.695Z] 11:41:56.708 INFO  Sensor IaC Project Sensor [iac] (done) | time=13ms
[2026-10-04T11:41:57.701Z] 11:41:56.710 INFO  Sensor Zero Coverage Sensor
[2026-10-04T11:41:57.701Z] 11:41:56.716 INFO  Sensor Zero Coverage Sensor (done) | time=8ms
[2026-10-04T11:41:57.715Z] 11:41:56.719 INFO  ------------- Gather SCA dependencies on project
[2026-10-04T11:41:57.716Z] 11:41:56.786 INFO  Dependency analysis skipped
[2026-10-04T11:41:57.716Z] 11:41:56.820 INFO  SCM Publisher SCM provider for this project is: git
[2026-10-04T11:41:57.716Z] 11:41:56.833 INFO  SCM Publisher 3 source files to be analyzed
[2026-10-04T11:42:00.276Z] 11:41:59.874 INFO  SCM Publisher 3/3 source files have been analyzed (done) | time=2982ms
[2026-10-04T11:42:00.277Z] 11:41:59.911 INFO  CPD Executor 2 files had no CPD blocks
[2026-10-04T11:42:00.277Z] 11:41:59.915 INFO  CPD Executor Calculating CPD for 2 files
[2026-10-04T11:42:00.277Z] 11:41:59.974 INFO  CPD Executor CPD calculation finished (done) | time=51ms
[2026-10-04T11:42:00.277Z] 11:42:00.094 INFO  SCM revision ID '2ba174cc6a004bd637368a048bba27382895d9ba'
[2026-10-04T11:42:01.683Z] 11:42:01.300 INFO  Analysis report generated in 1205ms, dir size=304.8 kB
[2026-10-04T11:42:01.683Z] 11:42:01.478 INFO  Analysis report compressed in 190ms, zip size=43.0 kB
[2026-10-04T11:42:05.027Z] 11:42:04.526 INFO  Analysis report uploaded in 3014ms
[2026-10-04T11:42:05.027Z] 11:42:04.547 INFO  ANALYSIS SUCCESSFUL, you can find the results at: http://sonarqube:9000/dashboard?id=upskill-ai
[2026-10-04T11:42:05.027Z] 11:42:04.553 INFO  Note that you will be able to access the updated dashboard once the server has processed the submitted analysis report
[2026-10-04T11:42:05.027Z] 11:42:04.565 INFO  More about the report processing at http://sonarqube:9000/api/ce/task?id=6bc4ae73-448c-4c99-b01c-7a392aba8621
[2026-10-04T11:42:05.027Z] 11:42:04.709 INFO  Analysis total time: 1:30.297 s
[2026-10-04T11:42:05.287Z] 11:42:05.086 INFO  SonarScanner Engine completed successfully
[2026-10-04T11:42:05.539Z] 11:42:05.285 INFO  EXECUTION SUCCESS
[2026-10-04T11:42:05.539Z] 11:42:05.509 INFO  Total time: 2:06.050s
[Pipeline] }
[Pipeline] // withSonarQubeEnv
[Pipeline] }
[Pipeline] // stage
[Pipeline] stage
[Pipeline] { (Quality gate)
[Pipeline] timeout
[2026-10-04T11:41:31.919Z] Timeout set to expire in 5 min 0 sec
[Pipeline] {
[Pipeline] script
[Pipeline] {
[Pipeline] waitForQualityGate
[2026-10-04T11:42:09.393Z] Checking status of SonarQube task '6bc4ae73-448c-4c99-b01c-7a392aba8621' on server 'SonarQube'
[2026-10-04T11:42:09.699Z] SonarQube task '6bc4ae73-448c-4c99-b01c-7a392aba8621' status is 'IN_PROGRESS'
[2026-10-04T11:42:31.866Z] SonarQube task '6bc4ae73-448c-4c99-b01c-7a392aba8621' status is 'SUCCESS'
[2026-10-04T11:42:31.921Z] SonarQube task '6bc4ae73-448c-4c99-b01c-7a392aba8621' completed. Quality gate is 'OK'
[Pipeline] }
[Pipeline] // script
[Pipeline] }
[Pipeline] // timeout
[Pipeline] }
[Pipeline] // stage
[Pipeline] stage
[Pipeline] { (Declarative: Post Actions)
[Pipeline] archiveArtifacts
[2026-10-04T11:42:33.576Z] Archiving artifacts
[Pipeline] }
[Pipeline] // stage
[Pipeline] }
[Pipeline] // timeout
[Pipeline] }
[Pipeline] // timestamps
[Pipeline] }
[Pipeline] // withEnv
[Pipeline] }
[Pipeline] // node
[Pipeline] End of Pipeline

GitHub has been notified of this commit’s build result

Finished: SUCCESS
